////////////////////////////////////////////////////////////////////////////////
///////////////////InstallShield Media Library Report Summary///////////////////
////////////////////////////////////////////////////////////////////////////////

Media Name      : Default
Report Filename : C:\Documents and Settings\Randy\My Documents\Randy's Folder\Swan Lake\Install\Swan Lake Screensaver (Trial Version)\Media\Default\Report Files\2-02-2005 12.44.09AM.rpt
Date            : 02/02/2005
Time            : 12:44AM

Number of Components:                1 
Number of File Groups:               1 
Number of Files:                     8 
Total Size of Files:         2,177,226 (bytes)

==========
COMPONENTS
==========


     Program Files


////////////////////////////////////////////////////////////////////////////////
/////////////////////////////////Report Details/////////////////////////////////
////////////////////////////////////////////////////////////////////////////////


================================================================================
                           COMPONENT: "Program Files"
================================================================================

SUMMARY:
    Total Files:                8 (files for this component only)
    Source Bytes:       2,177,226 (files for this component only)


                **** File Group: "Program Executable Files" ****


<Directory>: C:\Documents and Settings\Randy\My Documents\Randy's Folder\Swan Lake\Versions\Current\SW

    Filename                    Date        Time      Size         Version      
    --------------------------  ----------  --------  -----------  -------------
    swanlake.dat                01/25/2005  22:25:17    1,321,079               
    file_id.diz                 12/08/2004  23:07:14          441               
    license.txt                 01/23/2005  17:33:10        7,360               
    order.txt                   01/10/2005  15:04:04        1,768               
    pad_file.xml                01/23/2005  17:46:34       14,477               
    readme.txt                  01/25/2005  22:28:35       15,934               
    Swan Lake.scr               01/24/2005  00:07:13      724,992               
    swanlake.chm                01/23/2005  17:09:28       91,175               
    --------------------------  ----------  --------  -----------  -------------
    Count=8                                             2,177,226               
